// Jest Snapshot v1, https://goo.gl/fbAQLP

exports[`Pruebas en el componente GifGridItem Cargar componente GifGridItem correctamente 1`] = `
<div
  className="card animate__animated animate__bounceIn"
>
  <img
    alt="Title example"
    src="http://example/image.png"
  />
  <p>
    Title example
  </p>
</div>
`;
